// Jest Snapshot v1, https://goo.gl/fbAQLP

exports[`issues-9 https://github.com/baerrach/gatsby-remark-plantuml/ handles Japanese characters 1`] = `
Object {
  "children": Array [
    Object {
      "children": undefined,
      "lang": undefined,
      "meta": null,
      "position": Position {
        "end": Object {
          "column": 4,
          "line": 22,
          "offset": 841,
        },
        "indent": Array [
          1,
          1,
          1,
          1,
          1,
          1,
          1,
          1,
          1,
          1,
          1,
          1,
          1,
          1,
          1,
          1,
          1,
          1,
          1,
          1,
        ],
        "start": Object {
          "column": 1,
          "line": 2,
          "offset": 1,
        },
      },
      "type": "html",
      "value": "<svg xmlns=\\"http://www.w3.org/2000/svg\\" xlink=\\"http://www.w3.org/1999/xlink\\" contentscripttype=\\"application/ecmascript\\" contentstyletype=\\"text/css\\" height=\\"275px\\" preserveAspectRatio=\\"none\\" style=\\"max-width: 100%; height: auto;\\" version=\\"1.1\\" viewBox=\\"0 0 427 275\\" width=\\"427px\\" zoomAndPan=\\"magnify\\"><defs><filter height=\\"300%\\" id=\\"fq0c4m60avma7\\" width=\\"300%\\" x=\\"-1\\" y=\\"-1\\"><feGaussianBlur result=\\"blurOut\\" stdDeviation=\\"2.0\\"/><feColorMatrix in=\\"blurOut\\" result=\\"blurOut2\\" type=\\"matrix\\" values=\\"0 0 0 0 0 0 0 0 0 0 0 0 0 0 0 0 0 0 .4 0\\"/><feOffset dx=\\"4.0\\" dy=\\"4.0\\" in=\\"blurOut2\\" result=\\"blurOut3\\"/><feBlend in=\\"SourceGraphic\\" in2=\\"blurOut3\\" mode=\\"normal\\"/></filter></defs><g><!--
class operators--><rect fill=\\"#FEFECE\\" filter=\\"url(#fq0c4m60avma7)\\" height=\\"249.8906\\" id=\\"operators\\" style=\\"stroke: #A80036; stroke-width: 1.5;\\" width=\\"401\\" x=\\"7\\" y=\\"7\\"/><ellipse cx=\\"167.25\\" cy=\\"27.0938\\" fill=\\"#ADD1B2\\" rx=\\"11\\" ry=\\"11\\" style=\\"stroke: #A80036; stroke-width: 1.0;\\"/><path d=\\"M166.1094,27.8906 L166.1094,30.3906 L170.4375,30.3906 L170.4375,29.4688 Q170.4375,28.8594 170.6797,28.5938 Q170.9219,28.3281 171.2969,28.3281 Q171.6719,28.3281 171.9063,28.5938 Q172.1406,28.8594 172.1406,29.4688 L172.1406,32.0938 L164.1406,32.0938 Q163.5156,32.0938 163.2578,31.8594 Q163,31.625 163,31.2344 Q163,30.8594 163.2656,30.625 Q163.5313,30.3906 164.1406,30.3906 L164.4063,30.3906 L164.4063,23.7344 L164.1406,23.7344 Q163.5156,23.7344 163.2578,23.5 Q163,23.2656 163,22.875 Q163,22.5 163.2578,22.2656 Q163.5156,22.0313 164.1406,22.0313 L171.7656,22.0313 L171.7656,24.625 Q171.7656,25.2344 171.5391,25.4922 Q171.3125,25.75 170.9219,25.75 Q170.5469,25.75 170.3125,25.4922 Q170.0781,25.2344 170.0781,24.625 L170.0781,23.7344 L166.1094,23.7344 L166.1094,26.1875 L167.5938,26.1875 Q167.5938,25.5313 167.7188,25.3438 Q167.9844,24.9375 168.4531,24.9375 Q168.8281,24.9375 169.0625,25.1953 Q169.2969,25.4531 169.2969,26.0625 L169.2969,28.0313 Q169.2969,28.5781 169.1719,28.7656 Q168.9063,29.1563 168.4531,29.1563 Q167.9844,29.1563 167.7188,28.75 Q167.5938,28.5625 167.5938,27.8906 L166.1094,27.8906 Z \\"/><text fill=\\"#000000\\" font-family=\\"sans-serif\\" font-size=\\"12\\" lengthAdjust=\\"spacingAndGlyphs\\" textLength=\\"72\\" x=\\"187.75\\" y=\\"24.457\\">&#x30AA;&#x30DA;&#x30EC;&#x30FC;&#x30BF;&#x30FC;</text><text fill=\\"#000000\\" font-family=\\"sans-serif\\" font-size=\\"12\\" lengthAdjust=\\"spacingAndGlyphs\\" textLength=\\"53\\" x=\\"197.25\\" y=\\"39.5508\\">operators</text><line style=\\"stroke: #A80036; stroke-width: 1.5;\\" x1=\\"8\\" x2=\\"407\\" y1=\\"47.1875\\" y2=\\"47.1875\\"/><ellipse cx=\\"18\\" cy=\\"58.1875\\" fill=\\"#000000\\" rx=\\"3\\" ry=\\"3\\" style=\\"stroke: #000000; stroke-width: 1.0;\\"/><text fill=\\"#000000\\" font-family=\\"sans-serif\\" font-size=\\"11\\" font-weight=\\"bold\\" lengthAdjust=\\"spacingAndGlyphs\\" textLength=\\"81\\" x=\\"27\\" y=\\"62.6064\\">operator_code</text><text fill=\\"#000000\\" font-family=\\"sans-serif\\" font-size=\\"11\\" lengthAdjust=\\"spacingAndGlyphs\\" textLength=\\"139\\" x=\\"108\\" y=\\"62.6064\\">: char(10), AUTOINCREMENT</text><line style=\\"stroke: #A80036; stroke-width: 1.0;\\" x1=\\"8\\" x2=\\"407\\" y1=\\"69.0234\\" y2=\\"69.0234\\"/><ellipse cx=\\"18\\" cy=\\"80.0234\\" fill=\\"#000000\\" rx=\\"3\\" ry=\\"3\\" style=\\"stroke: #000000; stroke-width: 1.0;\\"/><text fill=\\"#000000\\" font-family=\\"sans-serif\\" font-size=\\"11\\" font-weight=\\"bold\\" lengthAdjust=\\"spacingAndGlyphs\\" textLength=\\"42\\" x=\\"27\\" y=\\"84.4424\\">user_id</text><text fill=\\"#000000\\" font-family=\\"sans-serif\\" font-size=\\"11\\" lengthAdjust=\\"spacingAndGlyphs\\" textLength=\\"68\\" x=\\"69\\" y=\\"84.4424\\">: bigserial [FK]</text><ellipse cx=\\"18\\" cy=\\"93.8594\\" fill=\\"#000000\\" rx=\\"3\\" ry=\\"3\\" style=\\"stroke: #000000; stroke-width: 1.0;\\"/><text fill=\\"#000000\\" font-family=\\"sans-serif\\" font-size=\\"11\\" lengthAdjust=\\"spacingAndGlyphs\\" textLength=\\"199\\" x=\\"27\\" y=\\"98.2783\\">employee_number: integer, &#x5171;&#x901A;&#x793E;&#x54E1;&#x756A;&#x53F7;</text><ellipse cx=\\"18\\" cy=\\"107.6953\\" fill=\\"#000000\\" rx=\\"3\\" ry=\\"3\\" style=\\"stroke: #000000; stroke-width: 1.0;\\"/><text fill=\\"#000000\\" font-family=\\"sans-serif\\" font-size=\\"11\\" lengthAdjust=\\"spacingAndGlyphs\\" textLength=\\"151\\" x=\\"27\\" y=\\"112.1143\\">role: char, &#x30AA;&#x30DA;&#x30EC;&#x30FC;&#x30BF;&#x30FC;&#x306E;&#x5F79;&#x8077;</text><ellipse cx=\\"18\\" cy=\\"121.5313\\" fill=\\"#000000\\" rx=\\"3\\" ry=\\"3\\" style=\\"stroke: #000000; stroke-width: 1.0;\\"/><text fill=\\"#000000\\" font-family=\\"sans-serif\\" font-size=\\"11\\" lengthAdjust=\\"spacingAndGlyphs\\" textLength=\\"123\\" x=\\"27\\" y=\\"125.9502\\">type: char, L2L3&#x632F;&#x308A;&#x5206;&#x3051;</text><text fill=\\"#000000\\" font-family=\\"sans-serif\\" font-size=\\"11\\" lengthAdjust=\\"spacingAndGlyphs\\" textLength=\\"244\\" x=\\"27\\" y=\\"139.7861\\">is_leaving: boolean, default: false, &#x96E2;&#x5E2D;&#x4E2D;&#x304B;&#x3069;&#x3046;&#x304B;</text><text fill=\\"#000000\\" font-family=\\"sans-serif\\" font-size=\\"11\\" lengthAdjust=\\"spacingAndGlyphs\\" textLength=\\"375\\" x=\\"27\\" y=\\"153.6221\\">notification_available_delay: boolean, default: true, &#x5BFE;&#x5FDC;&#x9045;&#x5EF6;&#x6642;&#x901A;&#x77E5;&#x306E; ON/OFF</text><text fill=\\"#000000\\" font-family=\\"sans-serif\\" font-size=\\"11\\" lengthAdjust=\\"spacingAndGlyphs\\" textLength=\\"360\\" x=\\"27\\" y=\\"167.458\\">notification_available_new: boolean, default: true, &#x65B0;&#x898F;&#x5165;&#x4FE1;&#x901A;&#x77E5;&#x306E; ON/OFF</text><text fill=\\"#000000\\" font-family=\\"sans-serif\\" font-size=\\"11\\" lengthAdjust=\\"spacingAndGlyphs\\" textLength=\\"373\\" x=\\"27\\" y=\\"181.2939\\">notification_available_response: boolean, default: true, &#x8FD4;&#x4FE1;&#x6642;&#x901A;&#x77E5;&#x306E; ON/OFF</text><text fill=\\"#000000\\" font-family=\\"sans-serif\\" font-size=\\"11\\" lengthAdjust=\\"spacingAndGlyphs\\" textLength=\\"217\\" x=\\"27\\" y=\\"195.1299\\">delay_notification_time: time, &#x9045;&#x5EF6;&#x6642;&#x901A;&#x77E5;&#x6642;&#x9593;</text><text fill=\\"#000000\\" font-family=\\"sans-serif\\" font-size=\\"11\\" lengthAdjust=\\"spacingAndGlyphs\\" textLength=\\"284\\" x=\\"27\\" y=\\"208.9658\\">max_acceptable_items: smallserial, default: 20, &#x53D7;&#x53EF;&#x4E0A;&#x9650;&#x5024;</text><text fill=\\"#000000\\" font-family=\\"sans-serif\\" font-size=\\"11\\" lengthAdjust=\\"spacingAndGlyphs\\" textLength=\\"261\\" x=\\"27\\" y=\\"222.8018\\">created_at: timestamp, default: CURRENT_TIMESTAMP</text><text fill=\\"#000000\\" font-family=\\"sans-serif\\" font-size=\\"11\\" lengthAdjust=\\"spacingAndGlyphs\\" textLength=\\"263\\" x=\\"27\\" y=\\"236.6377\\">updated_at: timestamp, default: CURRENT_TIMESTAMP</text><text fill=\\"#000000\\" font-family=\\"sans-serif\\" font-size=\\"11\\" lengthAdjust=\\"spacingAndGlyphs\\" textLength=\\"165\\" x=\\"27\\" y=\\"250.4736\\">deleted_at: timestamp, default: null</text><!--
@startuml
entity \\"オペレーター\\\\noperators\\" as operators {
        * **operator_code**: char(10), AUTOINCREMENT
        - -
        * **user_id**: bigserial [FK]
        * employee_number: integer, 共通社員番号
        * role: char, オペレーターの役職
        * type: char, L2L3振り分け
        is_leaving: boolean, default: false, 離席中かどうか
        notification_available_delay: boolean, default: true, 対応遅延時通知の ON/OFF
        notification_available_new: boolean, default: true, 新規入信通知の ON/OFF
        notification_available_response: boolean, default: true, 返信時通知の ON/OFF
        delay_notification_time: time, 遅延時通知時間
        max_acceptable_items: smallserial, default: 20, 受可上限値
        created_at: timestamp, default: CURRENT_TIMESTAMP
        updated_at: timestamp, default: CURRENT_TIMESTAMP
        deleted_at: timestamp, default: null
}
@enduml


--></g></svg>",
    },
  ],
  "position": Object {
    "end": Object {
      "column": 1,
      "line": 23,
      "offset": 842,
    },
    "start": Object {
      "column": 1,
      "line": 1,
      "offset": 0,
    },
  },
  "type": "root",
}
`;
