// Jest Snapshot v1, https://goo.gl/fbAQLP

exports[`Use Case Actors 1`] = `
Object {
  "children": Array [
    Object {
      "children": undefined,
      "lang": undefined,
      "meta": null,
      "position": Position {
        "end": Object {
          "column": 4,
          "line": 11,
          "offset": 113,
        },
        "indent": Array [
          1,
          1,
          1,
          1,
          1,
          1,
          1,
          1,
          1,
        ],
        "start": Object {
          "column": 1,
          "line": 2,
          "offset": 1,
        },
      },
      "type": "html",
      "value": "<svg xmlns=\\"http://www.w3.org/2000/svg\\" xlink=\\"http://www.w3.org/1999/xlink\\" contentscripttype=\\"application/ecmascript\\" contentstyletype=\\"text/css\\" height=\\"257px\\" preserveAspectRatio=\\"none\\" style=\\"max-width: 100%; height: auto;\\" version=\\"1.1\\" viewBox=\\"0 0 168 257\\" width=\\"168px\\" zoomAndPan=\\"magnify\\"><defs><filter height=\\"300%\\" id=\\"fvdb3ugr927tt\\" width=\\"300%\\" x=\\"-1\\" y=\\"-1\\"><feGaussianBlur result=\\"blurOut\\" stdDeviation=\\"2.0\\"/><feColorMatrix in=\\"blurOut\\" result=\\"blurOut2\\" type=\\"matrix\\" values=\\"0 0 0 0 0 0 0 0 0 0 0 0 0 0 0 0 0 0 .4 0\\"/><feOffset dx=\\"4.0\\" dy=\\"4.0\\" in=\\"blurOut2\\" result=\\"blurOut3\\"/><feBlend in=\\"SourceGraphic\\" in2=\\"blurOut3\\" mode=\\"normal\\"/></filter></defs><g/></svg>",
    },
  ],
  "position": Object {
    "end": Object {
      "column": 1,
      "line": 12,
      "offset": 114,
    },
    "start": Object {
      "column": 1,
      "line": 1,
      "offset": 0,
    },
  },
  "type": "root",
}
`;

exports[`Use Case Basic example 1`] = `
Object {
  "children": Array [
    Object {
      "children": undefined,
      "lang": undefined,
      "meta": null,
      "position": Position {
        "end": Object {
          "column": 4,
          "line": 11,
          "offset": 170,
        },
        "indent": Array [
          1,
          1,
          1,
          1,
          1,
          1,
          1,
          1,
          1,
        ],
        "start": Object {
          "column": 1,
          "line": 2,
          "offset": 1,
        },
      },
      "type": "html",
      "value": "<svg xmlns=\\"http://www.w3.org/2000/svg\\" xlink=\\"http://www.w3.org/1999/xlink\\" contentscripttype=\\"application/ecmascript\\" contentstyletype=\\"text/css\\" height=\\"362px\\" preserveAspectRatio=\\"none\\" style=\\"max-width: 100%; height: auto;\\" version=\\"1.1\\" viewBox=\\"0 0 270 362\\" width=\\"270px\\" zoomAndPan=\\"magnify\\"><defs><filter height=\\"300%\\" id=\\"fiuyh57qruca0\\" width=\\"300%\\" x=\\"-1\\" y=\\"-1\\"><feGaussianBlur result=\\"blurOut\\" stdDeviation=\\"2.0\\"/><feColorMatrix in=\\"blurOut\\" result=\\"blurOut2\\" type=\\"matrix\\" values=\\"0 0 0 0 0 0 0 0 0 0 0 0 0 0 0 0 0 0 .4 0\\"/><feOffset dx=\\"4.0\\" dy=\\"4.0\\" in=\\"blurOut2\\" result=\\"blurOut3\\"/><feBlend in=\\"SourceGraphic\\" in2=\\"blurOut3\\" mode=\\"normal\\"/></filter></defs><g/></svg>",
    },
  ],
  "position": Object {
    "end": Object {
      "column": 1,
      "line": 12,
      "offset": 171,
    },
    "start": Object {
      "column": 1,
      "line": 1,
      "offset": 0,
    },
  },
  "type": "root",
}
`;

exports[`Use Case Changing arrows direction Example 1 1`] = `
Object {
  "children": Array [
    Object {
      "children": undefined,
      "lang": undefined,
      "meta": null,
      "position": Position {
        "end": Object {
          "column": 4,
          "line": 7,
          "offset": 81,
        },
        "indent": Array [
          1,
          1,
          1,
          1,
          1,
        ],
        "start": Object {
          "column": 1,
          "line": 2,
          "offset": 1,
        },
      },
      "type": "html",
      "value": "<svg xmlns=\\"http://www.w3.org/2000/svg\\" xlink=\\"http://www.w3.org/1999/xlink\\" contentscripttype=\\"application/ecmascript\\" contentstyletype=\\"text/css\\" height=\\"195px\\" preserveAspectRatio=\\"none\\" style=\\"max-width: 100%; height: auto;\\" version=\\"1.1\\" viewBox=\\"0 0 229 195\\" width=\\"229px\\" zoomAndPan=\\"magnify\\"><defs><filter height=\\"300%\\" id=\\"f1a3psxa30bkuw\\" width=\\"300%\\" x=\\"-1\\" y=\\"-1\\"><feGaussianBlur result=\\"blurOut\\" stdDeviation=\\"2.0\\"/><feColorMatrix in=\\"blurOut\\" result=\\"blurOut2\\" type=\\"matrix\\" values=\\"0 0 0 0 0 0 0 0 0 0 0 0 0 0 0 0 0 0 .4 0\\"/><feOffset dx=\\"4.0\\" dy=\\"4.0\\" in=\\"blurOut2\\" result=\\"blurOut3\\"/><feBlend in=\\"SourceGraphic\\" in2=\\"blurOut3\\" mode=\\"normal\\"/></filter></defs><g/></svg>",
    },
  ],
  "position": Object {
    "end": Object {
      "column": 1,
      "line": 8,
      "offset": 82,
    },
    "start": Object {
      "column": 1,
      "line": 1,
      "offset": 0,
    },
  },
  "type": "root",
}
`;

exports[`Use Case Changing arrows direction Example 2 1`] = `
Object {
  "children": Array [
    Object {
      "children": undefined,
      "lang": undefined,
      "meta": null,
      "position": Position {
        "end": Object {
          "column": 4,
          "line": 7,
          "offset": 81,
        },
        "indent": Array [
          1,
          1,
          1,
          1,
          1,
        ],
        "start": Object {
          "column": 1,
          "line": 2,
          "offset": 1,
        },
      },
      "type": "html",
      "value": "<svg xmlns=\\"http://www.w3.org/2000/svg\\" xlink=\\"http://www.w3.org/1999/xlink\\" contentscripttype=\\"application/ecmascript\\" contentstyletype=\\"text/css\\" height=\\"190px\\" preserveAspectRatio=\\"none\\" style=\\"max-width: 100%; height: auto;\\" version=\\"1.1\\" viewBox=\\"0 0 229 190\\" width=\\"229px\\" zoomAndPan=\\"magnify\\"><defs><filter height=\\"300%\\" id=\\"fh0enda5fconq\\" width=\\"300%\\" x=\\"-1\\" y=\\"-1\\"><feGaussianBlur result=\\"blurOut\\" stdDeviation=\\"2.0\\"/><feColorMatrix in=\\"blurOut\\" result=\\"blurOut2\\" type=\\"matrix\\" values=\\"0 0 0 0 0 0 0 0 0 0 0 0 0 0 0 0 0 0 .4 0\\"/><feOffset dx=\\"4.0\\" dy=\\"4.0\\" in=\\"blurOut2\\" result=\\"blurOut3\\"/><feBlend in=\\"SourceGraphic\\" in2=\\"blurOut3\\" mode=\\"normal\\"/></filter></defs><g><ellipse cx=\\"160.4975\\" cy=\\"21.4517\\" fill=\\"#FEFECE\\" filter=\\"url(#fh0enda5fconq)\\" rx=\\"52.4975\\" ry=\\"15.4517\\" style=\\"stroke: #A80036; stroke-width: 1.5;\\"/><text fill=\\"#000000\\" font-family=\\"sans-serif\\" font-size=\\"14\\" lengthAdjust=\\"spacingAndGlyphs\\" textLength=\\"70\\" x=\\"125.4975\\" y=\\"26.7564\\">Use case 1</text></g></svg>",
    },
  ],
  "position": Object {
    "end": Object {
      "column": 1,
      "line": 8,
      "offset": 82,
    },
    "start": Object {
      "column": 1,
      "line": 1,
      "offset": 0,
    },
  },
  "type": "root",
}
`;

exports[`Use Case Changing arrows direction Example 3 1`] = `
Object {
  "children": Array [
    Object {
      "children": undefined,
      "lang": undefined,
      "meta": null,
      "position": Position {
        "end": Object {
          "column": 4,
          "line": 9,
          "offset": 140,
        },
        "indent": Array [
          1,
          1,
          1,
          1,
          1,
          1,
          1,
        ],
        "start": Object {
          "column": 1,
          "line": 2,
          "offset": 1,
        },
      },
      "type": "html",
      "value": "<svg xmlns=\\"http://www.w3.org/2000/svg\\" xlink=\\"http://www.w3.org/1999/xlink\\" contentscripttype=\\"application/ecmascript\\" contentstyletype=\\"text/css\\" height=\\"287px\\" preserveAspectRatio=\\"none\\" style=\\"max-width: 100%; height: auto;\\" version=\\"1.1\\" viewBox=\\"0 0 343 287\\" width=\\"343px\\" zoomAndPan=\\"magnify\\"><defs><filter height=\\"300%\\" id=\\"fgk9x5go3mcn2\\" width=\\"300%\\" x=\\"-1\\" y=\\"-1\\"><feGaussianBlur result=\\"blurOut\\" stdDeviation=\\"2.0\\"/><feColorMatrix in=\\"blurOut\\" result=\\"blurOut2\\" type=\\"matrix\\" values=\\"0 0 0 0 0 0 0 0 0 0 0 0 0 0 0 0 0 0 .4 0\\"/><feOffset dx=\\"4.0\\" dy=\\"4.0\\" in=\\"blurOut2\\" result=\\"blurOut3\\"/><feBlend in=\\"SourceGraphic\\" in2=\\"blurOut3\\" mode=\\"normal\\"/></filter></defs><g/></svg>",
    },
  ],
  "position": Object {
    "end": Object {
      "column": 1,
      "line": 10,
      "offset": 141,
    },
    "start": Object {
      "column": 1,
      "line": 1,
      "offset": 0,
    },
  },
  "type": "root",
}
`;

exports[`Use Case Complete example 1`] = `
Object {
  "children": Array [
    Object {
      "children": undefined,
      "lang": undefined,
      "meta": null,
      "position": Position {
        "end": Object {
          "column": 4,
          "line": 15,
          "offset": 257,
        },
        "indent": Array [
          1,
          1,
          1,
          1,
          1,
          1,
          1,
          1,
          1,
          1,
          1,
          1,
          1,
        ],
        "start": Object {
          "column": 1,
          "line": 2,
          "offset": 1,
        },
      },
      "type": "html",
      "value": "<svg xmlns=\\"http://www.w3.org/2000/svg\\" xlink=\\"http://www.w3.org/1999/xlink\\" contentscripttype=\\"application/ecmascript\\" contentstyletype=\\"text/css\\" height=\\"276px\\" preserveAspectRatio=\\"none\\" style=\\"max-width: 100%; height: auto;\\" version=\\"1.1\\" viewBox=\\"0 0 319 276\\" width=\\"319px\\" zoomAndPan=\\"magnify\\"><defs><filter height=\\"300%\\" id=\\"f17ywiozhuz786\\" width=\\"300%\\" x=\\"-1\\" y=\\"-1\\"><feGaussianBlur result=\\"blurOut\\" stdDeviation=\\"2.0\\"/><feColorMatrix in=\\"blurOut\\" result=\\"blurOut2\\" type=\\"matrix\\" values=\\"0 0 0 0 0 0 0 0 0 0 0 0 0 0 0 0 0 0 .4 0\\"/><feOffset dx=\\"4.0\\" dy=\\"4.0\\" in=\\"blurOut2\\" result=\\"blurOut3\\"/><feBlend in=\\"SourceGraphic\\" in2=\\"blurOut3\\" mode=\\"normal\\"/></filter></defs><g/></svg>",
    },
  ],
  "position": Object {
    "end": Object {
      "column": 1,
      "line": 16,
      "offset": 258,
    },
    "start": Object {
      "column": 1,
      "line": 1,
      "offset": 0,
    },
  },
  "type": "root",
}
`;

exports[`Use Case Extension 1`] = `
Object {
  "children": Array [
    Object {
      "children": undefined,
      "lang": undefined,
      "meta": null,
      "position": Position {
        "end": Object {
          "column": 4,
          "line": 11,
          "offset": 124,
        },
        "indent": Array [
          1,
          1,
          1,
          1,
          1,
          1,
          1,
          1,
          1,
        ],
        "start": Object {
          "column": 1,
          "line": 2,
          "offset": 1,
        },
      },
      "type": "html",
      "value": "<svg xmlns=\\"http://www.w3.org/2000/svg\\" xlink=\\"http://www.w3.org/1999/xlink\\" contentscripttype=\\"application/ecmascript\\" contentstyletype=\\"text/css\\" height=\\"240px\\" preserveAspectRatio=\\"none\\" style=\\"max-width: 100%; height: auto;\\" version=\\"1.1\\" viewBox=\\"0 0 285 240\\" width=\\"285px\\" zoomAndPan=\\"magnify\\"><defs><filter height=\\"300%\\" id=\\"f12b4r0qm28bu1\\" width=\\"300%\\" x=\\"-1\\" y=\\"-1\\"><feGaussianBlur result=\\"blurOut\\" stdDeviation=\\"2.0\\"/><feColorMatrix in=\\"blurOut\\" result=\\"blurOut2\\" type=\\"matrix\\" values=\\"0 0 0 0 0 0 0 0 0 0 0 0 0 0 0 0 0 0 .4 0\\"/><feOffset dx=\\"4.0\\" dy=\\"4.0\\" in=\\"blurOut2\\" result=\\"blurOut3\\"/><feBlend in=\\"SourceGraphic\\" in2=\\"blurOut3\\" mode=\\"normal\\"/></filter></defs><g/></svg>",
    },
  ],
  "position": Object {
    "end": Object {
      "column": 1,
      "line": 12,
      "offset": 125,
    },
    "start": Object {
      "column": 1,
      "line": 1,
      "offset": 0,
    },
  },
  "type": "root",
}
`;

exports[`Use Case Left to right direction Example 1 1`] = `
Object {
  "children": Array [
    Object {
      "children": undefined,
      "lang": undefined,
      "meta": null,
      "position": Position {
        "end": Object {
          "column": 4,
          "line": 10,
          "offset": 112,
        },
        "indent": Array [
          1,
          1,
          1,
          1,
          1,
          1,
          1,
          1,
        ],
        "start": Object {
          "column": 1,
          "line": 2,
          "offset": 1,
        },
      },
      "type": "html",
      "value": "<svg xmlns=\\"http://www.w3.org/2000/svg\\" xlink=\\"http://www.w3.org/1999/xlink\\" contentscripttype=\\"application/ecmascript\\" contentstyletype=\\"text/css\\" height=\\"195px\\" preserveAspectRatio=\\"none\\" style=\\"max-width: 100%; height: auto;\\" version=\\"1.1\\" viewBox=\\"0 0 256 195\\" width=\\"256px\\" zoomAndPan=\\"magnify\\"><defs><filter height=\\"300%\\" id=\\"facw0agghf6jm\\" width=\\"300%\\" x=\\"-1\\" y=\\"-1\\"><feGaussianBlur result=\\"blurOut\\" stdDeviation=\\"2.0\\"/><feColorMatrix in=\\"blurOut\\" result=\\"blurOut2\\" type=\\"matrix\\" values=\\"0 0 0 0 0 0 0 0 0 0 0 0 0 0 0 0 0 0 .4 0\\"/><feOffset dx=\\"4.0\\" dy=\\"4.0\\" in=\\"blurOut2\\" result=\\"blurOut3\\"/><feBlend in=\\"SourceGraphic\\" in2=\\"blurOut3\\" mode=\\"normal\\"/></filter></defs><g/></svg>",
    },
  ],
  "position": Object {
    "end": Object {
      "column": 1,
      "line": 11,
      "offset": 113,
    },
    "start": Object {
      "column": 1,
      "line": 1,
      "offset": 0,
    },
  },
  "type": "root",
}
`;

exports[`Use Case Left to right direction Example 2 1`] = `
Object {
  "children": Array [
    Object {
      "children": undefined,
      "lang": undefined,
      "meta": null,
      "position": Position {
        "end": Object {
          "column": 4,
          "line": 10,
          "offset": 104,
        },
        "indent": Array [
          1,
          1,
          1,
          1,
          1,
          1,
          1,
          1,
        ],
        "start": Object {
          "column": 1,
          "line": 2,
          "offset": 1,
        },
      },
      "type": "html",
      "value": "<svg xmlns=\\"http://www.w3.org/2000/svg\\" xlink=\\"http://www.w3.org/1999/xlink\\" contentscripttype=\\"application/ecmascript\\" contentstyletype=\\"text/css\\" height=\\"215px\\" preserveAspectRatio=\\"none\\" style=\\"max-width: 100%; height: auto;\\" version=\\"1.1\\" viewBox=\\"0 0 218 215\\" width=\\"218px\\" zoomAndPan=\\"magnify\\"><defs><filter height=\\"300%\\" id=\\"f1d6zknn9pvprg\\" width=\\"300%\\" x=\\"-1\\" y=\\"-1\\"><feGaussianBlur result=\\"blurOut\\" stdDeviation=\\"2.0\\"/><feColorMatrix in=\\"blurOut\\" result=\\"blurOut2\\" type=\\"matrix\\" values=\\"0 0 0 0 0 0 0 0 0 0 0 0 0 0 0 0 0 0 .4 0\\"/><feOffset dx=\\"4.0\\" dy=\\"4.0\\" in=\\"blurOut2\\" result=\\"blurOut3\\"/><feBlend in=\\"SourceGraphic\\" in2=\\"blurOut3\\" mode=\\"normal\\"/></filter></defs><g/></svg>",
    },
  ],
  "position": Object {
    "end": Object {
      "column": 1,
      "line": 11,
      "offset": 105,
    },
    "start": Object {
      "column": 1,
      "line": 1,
      "offset": 0,
    },
  },
  "type": "root",
}
`;

exports[`Use Case Skinparam 1`] = `
Object {
  "children": Array [
    Object {
      "children": undefined,
      "lang": undefined,
      "meta": null,
      "position": Position {
        "end": Object {
          "column": 4,
          "line": 31,
          "offset": 497,
        },
        "indent": Array [
          1,
          1,
          1,
          1,
          1,
          1,
          1,
          1,
          1,
          1,
          1,
          1,
          1,
          1,
          1,
          1,
          1,
          1,
          1,
          1,
          1,
          1,
          1,
          1,
          1,
          1,
          1,
          1,
          1,
        ],
        "start": Object {
          "column": 1,
          "line": 2,
          "offset": 1,
        },
      },
      "type": "html",
      "value": "<svg xmlns=\\"http://www.w3.org/2000/svg\\" xlink=\\"http://www.w3.org/1999/xlink\\" contentscripttype=\\"application/ecmascript\\" contentstyletype=\\"text/css\\" height=\\"235px\\" preserveAspectRatio=\\"none\\" style=\\"max-width: 100%; height: auto;\\" version=\\"1.1\\" viewBox=\\"0 0 347 235\\" width=\\"347px\\" zoomAndPan=\\"magnify\\"><defs><filter height=\\"300%\\" id=\\"f1o4f8c8ry2hid\\" width=\\"300%\\" x=\\"-1\\" y=\\"-1\\"><feGaussianBlur result=\\"blurOut\\" stdDeviation=\\"2.0\\"/><feColorMatrix in=\\"blurOut\\" result=\\"blurOut2\\" type=\\"matrix\\" values=\\"0 0 0 0 0 0 0 0 0 0 0 0 0 0 0 0 0 0 .4 0\\"/><feOffset dx=\\"4.0\\" dy=\\"4.0\\" in=\\"blurOut2\\" result=\\"blurOut3\\"/><feBlend in=\\"SourceGraphic\\" in2=\\"blurOut3\\" mode=\\"normal\\"/></filter></defs><g/></svg>",
    },
  ],
  "position": Object {
    "end": Object {
      "column": 1,
      "line": 32,
      "offset": 498,
    },
    "start": Object {
      "column": 1,
      "line": 1,
      "offset": 0,
    },
  },
  "type": "root",
}
`;

exports[`Use Case Splitting diagrams 1`] = `
Object {
  "children": Array [
    Object {
      "children": undefined,
      "lang": undefined,
      "meta": null,
      "position": Position {
        "end": Object {
          "column": 4,
          "line": 8,
          "offset": 90,
        },
        "indent": Array [
          1,
          1,
          1,
          1,
          1,
          1,
        ],
        "start": Object {
          "column": 1,
          "line": 2,
          "offset": 1,
        },
      },
      "type": "html",
      "value": "<svg xmlns=\\"http://www.w3.org/2000/svg\\" xlink=\\"http://www.w3.org/1999/xlink\\" contentscripttype=\\"application/ecmascript\\" contentstyletype=\\"text/css\\" height=\\"195px\\" preserveAspectRatio=\\"none\\" style=\\"max-width: 100%; height: auto;\\" version=\\"1.1\\" viewBox=\\"0 0 116 195\\" width=\\"116px\\" zoomAndPan=\\"magnify\\"><defs><filter height=\\"300%\\" id=\\"f16\\" width=\\"300%\\" x=\\"-1\\" y=\\"-1\\"><feGaussianBlur result=\\"blurOut\\" stdDeviation=\\"2.0\\"/><feColorMatrix in=\\"blurOut\\" result=\\"blurOut2\\" type=\\"matrix\\" values=\\"0 0 0 0 0 0 0 0 0 0 0 0 0 0 0 0 0 0 .4 0\\"/><feOffset dx=\\"4.0\\" dy=\\"4.0\\" in=\\"blurOut2\\" result=\\"blurOut3\\"/><feBlend in=\\"SourceGraphic\\" in2=\\"blurOut3\\" mode=\\"normal\\"/></filter></defs><g/></svg>",
    },
  ],
  "position": Object {
    "end": Object {
      "column": 1,
      "line": 9,
      "offset": 91,
    },
    "start": Object {
      "column": 1,
      "line": 1,
      "offset": 0,
    },
  },
  "type": "root",
}
`;

exports[`Use Case Stereotypes 1`] = `
Object {
  "children": Array [
    Object {
      "children": undefined,
      "lang": undefined,
      "meta": null,
      "position": Position {
        "end": Object {
          "column": 4,
          "line": 15,
          "offset": 209,
        },
        "indent": Array [
          1,
          1,
          1,
          1,
          1,
          1,
          1,
          1,
          1,
          1,
          1,
          1,
          1,
        ],
        "start": Object {
          "column": 1,
          "line": 2,
          "offset": 1,
        },
      },
      "type": "html",
      "value": "<svg xmlns=\\"http://www.w3.org/2000/svg\\" xlink=\\"http://www.w3.org/1999/xlink\\" contentscripttype=\\"application/ecmascript\\" contentstyletype=\\"text/css\\" height=\\"235px\\" preserveAspectRatio=\\"none\\" style=\\"max-width: 100%; height: auto;\\" version=\\"1.1\\" viewBox=\\"0 0 347 235\\" width=\\"347px\\" zoomAndPan=\\"magnify\\"><defs><filter height=\\"300%\\" id=\\"f1kep4bdqzz01b\\" width=\\"300%\\" x=\\"-1\\" y=\\"-1\\"><feGaussianBlur result=\\"blurOut\\" stdDeviation=\\"2.0\\"/><feColorMatrix in=\\"blurOut\\" result=\\"blurOut2\\" type=\\"matrix\\" values=\\"0 0 0 0 0 0 0 0 0 0 0 0 0 0 0 0 0 0 .4 0\\"/><feOffset dx=\\"4.0\\" dy=\\"4.0\\" in=\\"blurOut2\\" result=\\"blurOut3\\"/><feBlend in=\\"SourceGraphic\\" in2=\\"blurOut3\\" mode=\\"normal\\"/></filter></defs><g/></svg>",
    },
  ],
  "position": Object {
    "end": Object {
      "column": 1,
      "line": 16,
      "offset": 210,
    },
    "start": Object {
      "column": 1,
      "line": 1,
      "offset": 0,
    },
  },
  "type": "root",
}
`;

exports[`Use Case Usecases 1`] = `
Object {
  "children": Array [
    Object {
      "children": undefined,
      "lang": undefined,
      "meta": null,
      "position": Position {
        "end": Object {
          "column": 4,
          "line": 11,
          "offset": 122,
        },
        "indent": Array [
          1,
          1,
          1,
          1,
          1,
          1,
          1,
          1,
          1,
        ],
        "start": Object {
          "column": 1,
          "line": 2,
          "offset": 1,
        },
      },
      "type": "html",
      "value": "<svg xmlns=\\"http://www.w3.org/2000/svg\\" xlink=\\"http://www.w3.org/1999/xlink\\" contentscripttype=\\"application/ecmascript\\" contentstyletype=\\"text/css\\" height=\\"168px\\" preserveAspectRatio=\\"none\\" style=\\"max-width: 100%; height: auto;\\" version=\\"1.1\\" viewBox=\\"0 0 329 168\\" width=\\"329px\\" zoomAndPan=\\"magnify\\"><defs><filter height=\\"300%\\" id=\\"fjzl091g0j889\\" width=\\"300%\\" x=\\"-1\\" y=\\"-1\\"><feGaussianBlur result=\\"blurOut\\" stdDeviation=\\"2.0\\"/><feColorMatrix in=\\"blurOut\\" result=\\"blurOut2\\" type=\\"matrix\\" values=\\"0 0 0 0 0 0 0 0 0 0 0 0 0 0 0 0 0 0 .4 0\\"/><feOffset dx=\\"4.0\\" dy=\\"4.0\\" in=\\"blurOut2\\" result=\\"blurOut3\\"/><feBlend in=\\"SourceGraphic\\" in2=\\"blurOut3\\" mode=\\"normal\\"/></filter></defs><g><ellipse cx=\\"69.1041\\" cy=\\"22.9517\\" fill=\\"#FEFECE\\" filter=\\"url(#fjzl091g0j889)\\" rx=\\"63.1041\\" ry=\\"15.4517\\" style=\\"stroke: #A80036; stroke-width: 1.5;\\"/><text fill=\\"#000000\\" font-family=\\"sans-serif\\" font-size=\\"14\\" lengthAdjust=\\"spacingAndGlyphs\\" textLength=\\"85\\" x=\\"26.6041\\" y=\\"28.2564\\">First usecase</text><ellipse cx=\\"239.7843\\" cy=\\"22.8569\\" fill=\\"#FEFECE\\" filter=\\"url(#fjzl091g0j889)\\" rx=\\"72.2843\\" ry=\\"16.8569\\" style=\\"stroke: #A80036; stroke-width: 1.5;\\"/><text fill=\\"#000000\\" font-family=\\"sans-serif\\" font-size=\\"14\\" lengthAdjust=\\"spacingAndGlyphs\\" textLength=\\"107\\" x=\\"186.2843\\" y=\\"28.1615\\">Another usecase</text><ellipse cx=\\"69.0919\\" cy=\\"125.4517\\" fill=\\"#FEFECE\\" filter=\\"url(#fjzl091g0j889)\\" rx=\\"22.0919\\" ry=\\"15.4517\\" style=\\"stroke: #A80036; stroke-width: 1.5;\\"/><text fill=\\"#000000\\" font-family=\\"sans-serif\\" font-size=\\"14\\" lengthAdjust=\\"spacingAndGlyphs\\" textLength=\\"27\\" x=\\"55.5919\\" y=\\"130.7564\\">UC3</text><ellipse cx=\\"163.1843\\" cy=\\"125.7156\\" fill=\\"#FEFECE\\" filter=\\"url(#fjzl091g0j889)\\" rx=\\"37.1843\\" ry=\\"25.7156\\" style=\\"stroke: #A80036; stroke-width: 1.5;\\"/><text fill=\\"#000000\\" font-family=\\"sans-serif\\" font-size=\\"14\\" lengthAdjust=\\"spacingAndGlyphs\\" textLength=\\"27\\" x=\\"149.6843\\" y=\\"118.9558\\">Last</text><text fill=\\"#000000\\" font-family=\\"sans-serif\\" font-size=\\"14\\" lengthAdjust=\\"spacingAndGlyphs\\" textLength=\\"53\\" x=\\"136.6843\\" y=\\"136.5652\\">usecase</text></g></svg>",
    },
  ],
  "position": Object {
    "end": Object {
      "column": 1,
      "line": 12,
      "offset": 123,
    },
    "start": Object {
      "column": 1,
      "line": 1,
      "offset": 0,
    },
  },
  "type": "root",
}
`;

exports[`Use Case Usecases description 1`] = `
Object {
  "children": Array [
    Object {
      "children": undefined,
      "lang": undefined,
      "meta": null,
      "position": Position {
        "end": Object {
          "column": 4,
          "line": 16,
          "offset": 241,
        },
        "indent": Array [
          1,
          1,
          1,
          1,
          1,
          1,
          1,
          1,
          1,
          1,
          1,
          1,
          1,
          1,
        ],
        "start": Object {
          "column": 1,
          "line": 2,
          "offset": 1,
        },
      },
      "type": "html",
      "value": "<svg xmlns=\\"http://www.w3.org/2000/svg\\" xlink=\\"http://www.w3.org/1999/xlink\\" contentscripttype=\\"application/ecmascript\\" contentstyletype=\\"text/css\\" height=\\"208px\\" preserveAspectRatio=\\"none\\" style=\\"max-width: 100%; height: auto;\\" version=\\"1.1\\" viewBox=\\"0 0 317 208\\" width=\\"317px\\" zoomAndPan=\\"magnify\\"><defs><filter height=\\"300%\\" id=\\"f1xqs1qiworngk\\" width=\\"300%\\" x=\\"-1\\" y=\\"-1\\"><feGaussianBlur result=\\"blurOut\\" stdDeviation=\\"2.0\\"/><feColorMatrix in=\\"blurOut\\" result=\\"blurOut2\\" type=\\"matrix\\" values=\\"0 0 0 0 0 0 0 0 0 0 0 0 0 0 0 0 0 0 .4 0\\"/><feOffset dx=\\"4.0\\" dy=\\"4.0\\" in=\\"blurOut2\\" result=\\"blurOut3\\"/><feBlend in=\\"SourceGraphic\\" in2=\\"blurOut3\\" mode=\\"normal\\"/></filter></defs><g><ellipse cx=\\"153.5143\\" cy=\\"99.0072\\" fill=\\"#FEFECE\\" filter=\\"url(#f1xqs1qiworngk)\\" rx=\\"146.5143\\" ry=\\"92.0072\\" style=\\"stroke: #A80036; stroke-width: 1.5;\\"/><text fill=\\"#000000\\" font-family=\\"sans-serif\\" font-size=\\"14\\" lengthAdjust=\\"spacingAndGlyphs\\" textLength=\\"79\\" x=\\"114.0143\\" y=\\"42.6771\\">You can use</text><text fill=\\"#000000\\" font-family=\\"sans-serif\\" font-size=\\"14\\" lengthAdjust=\\"spacingAndGlyphs\\" textLength=\\"231\\" x=\\"38.0143\\" y=\\"60.2865\\">several lines to define your usecase.</text><text fill=\\"#000000\\" font-family=\\"sans-serif\\" font-size=\\"14\\" lengthAdjust=\\"spacingAndGlyphs\\" textLength=\\"185\\" x=\\"61.0143\\" y=\\"77.8958\\">You can also use separators.</text><line style=\\"stroke: #A80036; stroke-width: 1.0;\\" x1=\\"10.8424\\" x2=\\"296.1862\\" y1=\\"80.972\\" y2=\\"80.972\\"/><text fill=\\"#000000\\" font-family=\\"sans-serif\\" font-size=\\"14\\" lengthAdjust=\\"spacingAndGlyphs\\" textLength=\\"205\\" x=\\"51.0143\\" y=\\"99.5052\\">Several separators are possible.</text><line style=\\"stroke: #A80036; stroke-width: 1.0;\\" x1=\\"8.4973\\" x2=\\"298.5313\\" y1=\\"106.5814\\" y2=\\"106.5814\\"/><line style=\\"stroke: #A80036; stroke-width: 1.0;\\" x1=\\"8.7954\\" x2=\\"298.2331\\" y1=\\"108.5814\\" y2=\\"108.5814\\"/><text fill=\\"#000000\\" font-family=\\"sans-serif\\" font-size=\\"14\\" lengthAdjust=\\"spacingAndGlyphs\\" textLength=\\"144\\" x=\\"81.5143\\" y=\\"125.1146\\">And you can add titles:</text><text fill=\\"#000000\\" font-family=\\"sans-serif\\" font-size=\\"14\\" lengthAdjust=\\"spacingAndGlyphs\\" textLength=\\"182\\" x=\\"62.5143\\" y=\\"164.3333\\">This allows large description.</text><line style=\\"stroke: #A80036; stroke-width: 1.0; stroke-dasharray: 1.0,2.0;\\" x1=\\"24.1464\\" x2=\\"118.5143\\" y1=\\"140.9954\\" y2=\\"140.9954\\"/><text fill=\\"#000000\\" font-family=\\"sans-serif\\" font-size=\\"14\\" lengthAdjust=\\"spacingAndGlyphs\\" textLength=\\"70\\" x=\\"118.5143\\" y=\\"146.224\\">Conclusion</text><line style=\\"stroke: #A80036; stroke-width: 1.0; stroke-dasharray: 1.0,2.0;\\" x1=\\"188.5143\\" x2=\\"282.8821\\" y1=\\"140.9954\\" y2=\\"140.9954\\"/></g></svg>",
    },
  ],
  "position": Object {
    "end": Object {
      "column": 1,
      "line": 17,
      "offset": 242,
    },
    "start": Object {
      "column": 1,
      "line": 1,
      "offset": 0,
    },
  },
  "type": "root",
}
`;

exports[`Use Case Using notes 1`] = `
Object {
  "children": Array [
    Object {
      "children": undefined,
      "lang": undefined,
      "meta": null,
      "position": Position {
        "end": Object {
          "column": 4,
          "line": 23,
          "offset": 334,
        },
        "indent": Array [
          1,
          1,
          1,
          1,
          1,
          1,
          1,
          1,
          1,
          1,
          1,
          1,
          1,
          1,
          1,
          1,
          1,
          1,
          1,
          1,
          1,
        ],
        "start": Object {
          "column": 1,
          "line": 2,
          "offset": 1,
        },
      },
      "type": "html",
      "value": "<svg xmlns=\\"http://www.w3.org/2000/svg\\" xlink=\\"http://www.w3.org/1999/xlink\\" contentscripttype=\\"application/ecmascript\\" contentstyletype=\\"text/css\\" height=\\"306px\\" preserveAspectRatio=\\"none\\" style=\\"max-width: 100%; height: auto;\\" version=\\"1.1\\" viewBox=\\"0 0 482 306\\" width=\\"482px\\" zoomAndPan=\\"magnify\\"><defs><filter height=\\"300%\\" id=\\"fzoi01n0jjdo1\\" width=\\"300%\\" x=\\"-1\\" y=\\"-1\\"><feGaussianBlur result=\\"blurOut\\" stdDeviation=\\"2.0\\"/><feColorMatrix in=\\"blurOut\\" result=\\"blurOut2\\" type=\\"matrix\\" values=\\"0 0 0 0 0 0 0 0 0 0 0 0 0 0 0 0 0 0 .4 0\\"/><feOffset dx=\\"4.0\\" dy=\\"4.0\\" in=\\"blurOut2\\" result=\\"blurOut3\\"/><feBlend in=\\"SourceGraphic\\" in2=\\"blurOut3\\" mode=\\"normal\\"/></filter></defs><g/></svg>",
    },
  ],
  "position": Object {
    "end": Object {
      "column": 1,
      "line": 24,
      "offset": 335,
    },
    "start": Object {
      "column": 1,
      "line": 1,
      "offset": 0,
    },
  },
  "type": "root",
}
`;
